Has a slightly later inscription dated to the reign of Satakarni II been found at Sanchi in Madhya Pradesh, located to the north of Maharashtra?
Have i also been discovered at Nashik, Nevasa and Pauni in Maharashtra?
Is the first king of the Andhra-Bhrityas also known as Shudraka or Suraka in the Kumarika Khanda of Skanda Purana?
Along with some of the above major Satavahana sculptures what existed namely Dvarapala, Gajalaksmi, Shalabhanjikas, Royal Procession, decorative pillar etc?
Based on these discoveries, what such as D. R. Reddy, S. Reddy and Shankar R. Goyal theorized that Kotlingala was the original home of the Satavahanas?
What issued by Gautami Balashri, the mother of Gautamiputra Satakarni, claims that her son ruled an extensive territory that stretched from Gujarat in the north to northern Karnataka in the south?
According to R. D. Banerji and Sailendra Nath Sen, Kharavela sent out what against Satakarni?
What such as R. G. Bhandarkar, D. C. Sircar and H. C. Raychaudhuri theorized that the Vayu Purana mentions only the main imperial branch of the dynasty, while the Matsya Purana puts together princes of all its branches?
What dated to the reign of Satakarni II has been found at Sanchi in Madhya Pradesh, located to the north of Maharashtra?
Who have also been discovered at Nashik, Nevasa and Pauni in Maharashtra?
What most frequently mentioned as the residences of donors in these inscriptions include the sea ports of Sopara, Kalyan, Bharucha, Kuda, and Chaul?
The settlements most frequently mentioned as what of donors in these inscriptions include the sea ports of Sopara, Kalyan, Bharucha, Kuda, and Chaul?
The settlements most frequently mentioned as the residences of donors in these inscriptions include what of Sopara, Kalyan, Bharucha, Kuda, and Chaul?
What include Dhenukakata, Junnar, Nashik, Paithan, and Karadh?
The most frequently mentioned inland settlements include who, Junnar, Nashik, Paithan, and Karadh?
What in western Deccan include Govardhana, Nevasa, Ter, and Vadgaon-Madhavpur?
Other important satavahana sites in western Deccan include where, Nevasa, Ter, and Vadgaon-Madhavpur?
What in eastern Deccan include Amaravati, Dhulikatta, Kotalingala and Peddabankur?
The ones in eastern Deccan include where, Dhulikatta, Kotalingala and Peddabankur?
Also constructed what of stupas at Goli, Jaggiahpeta, Gantasala and Amravati Bhattiprolu and, Shri Parvatam?
What of the Andhra-Bhrityas is also known as Shudraka or Suraka in the Kumarika Khanda of Skanda Purana?
An inscription found at Naneghat was issued by Nayanika, the widow of satakarni I; has another inscription found at Naneghat been dated to the same period on paleographic basis?
On the other hand, does the epigraphic evidence from eastern Deccan not mention the Satavahanas before the 4th century CE?
At Nevasa, have a seal and coins attributed to Kanha been discovered?
Based on the following theories, is the beginning of the Satavahana rule dated variously from 271 BCE to 30 BCE?
As the Satavahana rule ended in the early 3rd century, can the beginning of their rule be dated to the 3rd century BCE?
If Andarae is identified with the Andhras, can this be considered additional evidence of satavahana rule starting in the 3rd century BCE?
During the last years of his reign, was his administration apparently handled by his mother, which could have been a result of an illness or military preoccupation?
During his reign, were several Buddhist monuments constructed at Nagarjunakonda and Amaravati?
For example, were 10,001 cows granted for the Bhagala-Dasaratra sacrifice; and 24,400 coins were granted for another sacrifice, whose name is not clear?
In the Nashik inscription of Gautami Balashri, is her son Gautamiputra Satakarni called"ekabamhana", which is interpreted by some as"unrivaled Brahmana", thus indicating a Brahmin origin?
At Naneghat, has an inscription issued by Nayanika, the widow of Satakarni I, been found?
In the field of carving and paintings, was satavahanas art marked, in the caves of Ajanta the paintings was started with the Satavahanas?
In addition, are some of the kings listed in the Puranas not attested via archaeological and numismatic evidence?
Because of insufficient evidence, do many modern scholars not assign absolute dates to the reigns of the historically attested Satavahana kings?
In the Puranas, is Krishna described as brother of the first king, who overthrew the Kanva king Susharman?
Is god drawn by seven horses)?
Would this indicate that the Satavahanas originally claimed association with the legendary solar dynasty, as was common in ancient India?
The term may"Andhra"refertoethnicityorterritoryofthe dynasty?
Does it not appear in the dynasty's own records?
Has the use of the name"Andhra"inthe Puranasledsome scholarstobelievethatthe dynastyoriginatedinthe eastern Deccan region?
Were i also discovered at Kotilingla?
Have c. 1st century BCE) been found in and around this region?
Was the oldest known Satavahana inscription found at Cave No.19 of the Pandavleni Caves in nashik district, and was issued during the reign of Kanha?
Have the majority of the other Satavahana inscriptions also been found in western Deccan?
Is Simuka mentioned as the first king in a list of royals in a Satavahana inscription at Naneghat?
Are these believed to be corrupted spellings of Simuka, resulting from copying and re-copying of manuscripts?
Can Simuka not be dated with certainty based on available evidence?
The brahmanda purana states that"the four Kanvaswillrulethe earthfor45 years;thenagaingotothe Andhras"?
Is this theory based on puranic records as well as archaeological and numismatic evidence?
Is the theory that dates their rule to an earlier period now largely discredited because the various Puranas contradict each other, and are not fully supported by epigraphic or numismatic evidence?
Was Simuka succeeded by his brother Kanha, who extended the kingdom up to Nashik in the west?
Was he succeeded by Lambodara?
Have the coins of lambodara's son and successor Apilaka been found in eastern Madhya Pradesh?
Was it heavily repaired under King Satakarni II?
Were the gateways and the balustrade built after 70 BCE, and appear to have been commissioned by the Satavahanas?
Is Little known about apilaka's successors, except cryptic references to one Kuntala Satakarni?
The western kshatrapa ruler is Nahapana known to have ruled the former Satavahana territory, as attested by the inscriptions of his governor and son- in- law, Rishabhadatta?
Was the Satavahana power revived by Gautamiputra Satakarni, who is considered the greatest of the Satavahana rulers?
Was Gautamiputra succeeded by his son Vasisthiputra Sri Pulamavi?
Is he believed to have added the Bellary region to satakarni's kingdom?
Have his coins featuring ships with double mast been found on the Coromandel Coast, indicating involvement in maritime trade and naval power?
Was the old stupa at Amaravati renovated during his reign?
Were satavahana dominions limited to their original base in the Deccan and eastern central India around Amaravati?
Was Yajna Sri succeeded by Madhariputra Swami Isvarasena?
Were the royal princes appointed as viceroys of the provinces?
Have the expolitation of sites with mineral resources may increased during satavahana period, leading to the emergence of new settlements in these areas?
Did the lay people in the Satavahana period generally not exclusively support a particular religious group?
Are the portraits now completely eroded, but the inscription is believed to be contemporary to nayanika's inscription on paleographic basis?
Do these coins not feature uniform design or size, and suggest that multiple minting locations existed within the Satavahana territory, leading to regional differences in coinage?
They issued mainly lead and copper coins; were their portrait-style silver coins usually struck over coins of the Western Kshatrapa kings?
Also had many sorts of superstitions prevailed?
Is it profusely decorated with carvings, and even pillars have a lotus capital crowned with sphinx-like mythic animals?
Is it said that Buddha, after attaining Enlightment, spent four weeks near the Bodhi tree?
Are several metal figurines found that could be attributed to the Satavahanas?
Were a hoard of unique bronze objects also found from Bramhapuri?
Were a small statue of Poseidon, wine jugs, plaque depicting Perseus and Andromeda also obtained from the house from where the objects were found?
Were Ashokan Stupas enlarged the earlier bricks and wood works were replaced with stone works?
Have vagaries of nature and some vandalism taken a heavy toll with Ajanta Caves?
Also is a mythological story related with?
Were the stupas decorated in marble slabs and sculpted with scenes from the life of the Buddha, portrayed in a characteristic slim and elegant style?
Are many of thse kings not attested by historical evidence?
Have different scholars explained these anamolies in different ways?
Are the names of the Andhra kings, as mentioned in the various Puranas, given below?
Are all other kings described as sons of their predecessors?
Charles higham dates his what c.  103– c.  127 CE?
Moreover, has the identification of Chimuka of Kotilingala with the dynasty's founder Simuka been contested by several scholars including P. L. Gupta and I. K. Sarma, who identified Chimuka as a later ruler?
Have some of these debates happened in the context of regionalism, with the present-day Andhra Pradesh, Maharashtra, Karnataka and Telangana being variously claimed as the original homeland of the Satavahanas?
Who, Satakarni, Satakani and Shalivahana appear to be variations of the same word?
What of gautamiputra's mother Gautami Balashri, dated to the 20th year after his death, records his achievements?
The nashik prashasti inscription of gautamiputra's mother Gautami Balashri, dated to the 20th year after his death, records what?
Who, the last person belonging to the main Satavahana dynastic line, briefly revived the Satavahana rule?
Sri yajna sātakarni, the last person belonging to the main Satavahana dynastic line, briefly revived what?
What of the Satavahanas, in all areas and all periods, used a Prakrit dialect without exception?
The coin legends of the Satavahanas, in all areas and all periods, used what without exception?
What of Poseidon, wine jugs, plaque depicting Perseus and Andromeda were also obtained from the house from where the objects were found?
In the field of carving and paintings, what was marked, in the caves of Ajanta the paintings was started with the Satavahanas?
What of the Andhra kings, as mentioned in the various Puranas, are given below?
What, also referred to as the Andhras in the Puranas, were an ancient Indian dynasty based in the Deccan region?
At different times, what extended to parts of modern Gujarat, Madhya Pradesh, and Karnataka?
In the post-Maurya era, the Satavahanas established what in the Deccan region, and resisted the onslaught of foreign invaders?
According to Inguva Kartikeya Sarma, the dynasty's name is derived from the words sata and vahana("vehicle");whatthusmeans"one who rides a nimble horse"?
According to Inguva Kartikeya Sarma, the dynasty's name is derived from the words sata and vahana("vehicle");the expressionthusmeans"what who rides a nimble horse"?
At Kotilingala in Telangana, what bearing the legend"Rano Siri Chimuka Satavahanasa"werefound?
At Kotilingala in Telangana, coins bearing what"Rano Siri Chimuka Satavahanasa"werefound?
An inscription found at Naneghat was issued by Nayanika, the widow of satakarni I; what found at Naneghat has been dated to the same period on paleographic basis?
On the other hand, what from eastern Deccan does not mention the Satavahanas before the 4th century CE?
On the other hand, the epigraphic evidence from eastern Deccan does not mention where before the 4th century CE?
At Nevasa, what and coins attributed to Kanha have been discovered?
Based on the following theories, what of the Satavahana rule is dated variously from 271 BCE to 30 BCE?
According to the Puranas, what overthrew the Kanva rule?
According to the Puranas, the first Andhra king overthrew what?
As the Satavahana rule ended in the early 3rd century, what of their rule can be dated to the 3rd century BCE?
If Andarae is identified with the Andhras, what can be considered additional evidence of satavahana rule starting in the 3rd century BCE?
Since the inscription is only partially legible, what interpret the events described in the inscription differently?
Since the inscription is only partially legible, different scholars interpret what described in the inscription differently?
According to Sudhakar Chattopadhyaya, what diverted its course after failing to advance against Satakarni?
According to Sudhakar Chattopadhyaya, kharavela's army diverted what after failing to advance against Satakarni?
In that period, where contributed greatly to the embellishment of the Buddhist stupa of Sanchi?
Like Hala, what also ruled for very short periods, indicating troubled times for the Satavahanas?
During 15-40 CE, what- the Western Kshatrapas- extended their influence into these regions?
During the last years of his reign, what was apparently handled by his mother, which could have been a result of an illness or military preoccupation?
According to Charles Higham, he ascended what around 110 CE?
According to S. N. Sen he ruled during 120–149 CE; according to Charles Higham, when spanned 138–145 CE?
However, who believed that the defeated ruler was his son Vasishthiputra Pulumavi?
As a result of his victories, what regained all the former territories previously held by Nahapana, except for the extreme south territories of Pune and Nasik?
As a result of his victories, Rudradaman regained what previously held by Nahapana, except for the extreme south territories of Pune and Nasik?
During the last years of his reign, the Abhiras captured what of the kingdom, around nashik region?
During his reign, what were constructed at Nagarjunakonda and Amaravati?
At times, what also extended to present-day Gujarat, Karnataka and Madhya Pradesh?
In any case, what suggests that his control over these territories did not last long?
Moreover, this realm was not continuous: what in this region remained under the control of the hunter-gatherers and other tribal communities?
What describes Gautamiputra as the lord of Benakataka, suggest that this was the name of his capital?
At other times, what included Amaravati(Dharanikota) and Junnar?
At other times, the Satavahana capitals included what(Dharanikota) and Junnar?
During the Satavahana period, what emerged in the fertile areas, especially along the major rivers?
For example, what were granted for the Bhagala-Dasaratra sacrifice; and 24,400 coins were granted for another sacrifice, whose name is not clear?
In the Nashik inscription of Gautami Balashri, what Gautamiputra Satakarni is called"ekabamhana", which is interpreted by some as"unrivaled Brahmana", thus indicating a Brahmin origin?
However, who interprets this word as"the only protectorofthe Brahmins"?
However, R. G. Bhandarkar interprets what as"the only protectorofthe Brahmins"?
Based on this, who concludes that Kanha favoured Buddhism, and had an administrative department dedicated to the welfare of buddhist monks?
What in ashmolean museum and yaksi image in british museum the cornucopia found in Posheri, kept at Prince of Wales Museum can also be attributed to the Satavahana period?
The fine elephant in ashmolean museum and yaksi image in british museum what found in Posheri, kept at Prince of Wales Museum can also be attributed to the Satavahana period?
In addition, what of the kings listed in the Puranas are not attested via archaeological and numismatic evidence?
According to the second category of reconstructions, what started in around first century BCE?
Because of insufficient evidence, what do not assign absolute dates to the reigns of the historically attested Satavahana kings?
Because of insufficient evidence, many modern scholars do not assign what to the reigns of the historically attested Satavahana kings?
On the other hand, what attested by numismatic evidence are not mentioned in the Puranas at all?
What believe that the Satavahana rule began in first century BCE and lasted until the second century CE, although some assign the beginning of their rule to as early as the 3rd century BCE?
What mainly comprised the present-day Telangana, Andhra Pradesh and Maharashtra?
The satavahana kingdom mainly comprised what, Andhra Pradesh and Maharashtra?
In the post-Maurya era, where established peace in the Deccan region, and resisted the onslaught of foreign invaders?
In particular what with the Saka Western Satraps went on for a long time?
What reached its zenith under the rule of Gautamiputra Satakarni and his successor Vasisthiputra Pulamavi?
The dynasty reached what under the rule of Gautamiputra Satakarni and his successor Vasisthiputra Pulamavi?
What fragmented into smaller states by the early 3rd century CE?
What formed a cultural bridge and played a vital role in trade and the transfer of ideas and culture to and from the Indo-Gangetic Plain to the southern tip of India?
What supported Brahmanism as well as buddhism, and patronised prakrit literature?
What is drawn by seven horses)?
What would indicate that the Satavahanas originally claimed association with the legendary solar dynasty, as was common in ancient India?
What connects their name to the earlier Satiyaputa dynasty?
Another theory connects what to the earlier Satiyaputa dynasty?
Yet what derives their name from the Munda words Sadam("horse")andHarpan,implying"son of the performer of a horse sacrifice"?
Yet another theory derives what from the Munda words Sadam("horse")andHarpan,implying"son of the performer of a horse sacrifice"?
What of the dynasty bear the name or title"Satakarni"?
Several rulers of the dynasty bear what or title"Satakarni"?
Who theorized that the word"Satakarni"isderivedfromthe Munda wordssada("horse") and kon("son")?
What use the name"Andhra"or"Andhra-Bhritya"for the Satavahanas?
The puranas use what"Andhra"or"Andhra-Bhritya"for the Satavahanas?
What"Andhra"mayrefertoethnicityorterritoryofthe dynasty?
The term what"mayrefertoethnicityorterritoryofthe dynasty?
Who does not appear in the dynasty's own records?
What of the name"Andhra"inthe Puranashasledsome scholarstobelievethatthe dynastyoriginatedinthe eastern Deccan region?
The use of the name"Andhra"inthe Puranashasledwhattobelievethatthe dynastyoriginatedinthe eastern Deccan region?
Who were also discovered at Kotilingla?
Who also later changed his view, and stated that the two kings were different?
P.v.p. sastry also later changed what, and stated that the two kings were different?
What of scholars believe that the Satavahanas originated in western Deccan(present-day Maharashtra)?
What) have been found in and around this region?
What was found at Cave No.19 of the Pandavleni Caves in nashik district, and was issued during the reign of Kanha?
What of the other Satavahana inscriptions have also been found in western Deccan?
Who cautions that the inference about the western Deccan origin of the Satavahanas is"tentativeatbest"given the small sample of early inscriptions?
Where mentions the term maha-matra, which indicates that the early Satavahanas followed the Mauryan administrative model?
Kanha's pandavleni mentions who, which indicates that the early Satavahanas followed the Mauryan administrative model?
Who opposes this theory, stating that the Andhra was originally an ethnic term, and did not come to denote the geographical region of eastern Deccan until well after the Satavahana period?
Himanshu prabha ray opposes what, stating that the Andhra was originally an ethnic term, and did not come to denote the geographical region of eastern Deccan until well after the Satavahana period?
Who theorized that the territorial division Satavahani-Satahani, in present-day Bellary district, was the homeland of the Satavahana family?
What about the Satavahanas comes from the Puranas, some Buddhist and Jain texts, the dynasty's inscriptions and coins, and foreign accounts that focus on trade?
Who is mentioned as the first king in a list of royals in a Satavahana inscription at Naneghat?
What are believed to be corrupted spellings of Simuka, resulting from copying and re-copying of manuscripts?
Who can not be dated with certainty based on available evidence?
Who dated this event to c. 30 BCE, a theory supported by many other scholars?
Where mentions that the Andhra dynasty ruled for around 450 years?
Who mentions a powerful tribe named"Andarae", whose king maintained an army of 100,000 infantry, 2,000 cavalry and 1,000 elephants?
The indica of megasthenes mentions what named"Andarae", whose king maintained an army of 100,000 infantry, 2,000 cavalry and 1,000 elephants?
The brahmanda purana states that"the four Kanvaswillrulethe earthfor45 years;thenwillagaingotothe Andhras"?
What believe that the Satavahana ruler began in first century BCE and lasted until the second century CE?
What is based on puranic records as well as archaeological and numismatic evidence?
What that dates their rule to an earlier period is now largely discredited because the various Puranas contradict each other, and are not fully supported by epigraphic or numismatic evidence?
What satakarni I conquered western Malwa, Anupa and Vidarbha, taking advantage of the turmoil caused by greek invasions of northern India?
His successor who conquered western Malwa, Anupa and Vidarbha, taking advantage of the turmoil caused by greek invasions of northern India?
Who performed vedic sacrifices including Ashvamedha and Rajasuya?
What describes dispatching of an army and kharavela's threat to a city?
According to R. D. Banerji and Sailendra Nath Sen, who sent out an army against Satakarni?
According to Bhagwal Lal, who wanted to avoid an invasion of his kingdom by Kharavela?
So, who sent horses, elephants, chariots and men to Kharavela as a tribute?
Who was succeeded by Lambodara?
What of lambodara's son and successor Apilaka have been found in eastern Madhya Pradesh?
Who was heavily repaired under King Satakarni II?
What and the balustrade were built after 70 BCE, and appear to have been commissioned by the Satavahanas?
What is known about apilaka's successors, except cryptic references to one Kuntala Satakarni?
What suggests that the Satavahanas earlier controlled the northern Deccan plateau, the northern Konkan coastal plains, and the mountain passes connecting these two regions?
During 15-40 CE, their northern neighbours- the Western Kshatrapas- extended what into these regions?
What Nahapana is known to have ruled the former Satavahana territory, as attested by the inscriptions of his governor and son- in- law, Rishabhadatta?
The western kshatrapa ruler where is known to have ruled the former Satavahana territory, as attested by the inscriptions of his governor and son- in- law, Rishabhadatta?
Who dates his reign c.  103– c.  127 CE?
Who assumed the titles Raja-Raja (King of Kings) and Maharaja (Great King), and was described as the Lord of Vindhya?
Who was succeeded by his son Vasisthiputra Sri Pulamavi?
According to Sailendra Nath Sen, what ruled from 96–119 CE?
According to Charles Higham, who ascended the throne around 110 CE?
What features in a large number of satavahana inscriptions and his coins have been found distributed over a wide area?
Who is believed to have added the Bellary region to satakarni's kingdom?
What featuring ships with double mast have been found on the Coromandel Coast, indicating involvement in maritime trade and naval power?
What at Amaravati was renovated during his reign?
What were limited to their original base in the Deccan and eastern central India around Amaravati?
According to S. N. Sen, who ruled during 170–199 CE?
Who dates the end of his reign to 181 CE?
Charles higham dates what of his reign to 181 CE?
What feature images of ships, which suggest naval and marine trade success?
His coins feature what of ships, which suggest naval and marine trade success?
What of his coins, and inscriptions at Nashik, Kanheri and Guntur indicate that his rule extended over both eastern and western parts of Deccan?
During the last years of his reign, who captured the northern parts of the kingdom, around nashik region?
Who was succeeded by Madhariputra Swami Isvarasena?
The next king who ruled for 6 years?
What Vasishthiputra Sri Chadha Satakarni ruled for 10 years?
What, the last king of the main line, ruled until c. 225 CE?
What included northern Deccan region, spanning the present-day Andhra Pradesh, Maharashtra and Telangana states?
The satavahana territory included what, spanning the present-day Andhra Pradesh, Maharashtra and Telangana states?
What kept shifting with time?
The nashik inscription describes who as the lord of Benakataka, suggest that this was the name of his capital?
What(2nd century CE) mentioned Pratishthana(modern Paithan) as the capital of Pulumavi?
Ptolemy(2nd century CE) mentioned who(modern Paithan) as the capital of Pulumavi?
Who theorized that the original Satavahana capital was located at Junnar, but had to be moved to Pratishthana because of saka-Kushana incursions from the north-west?
What followed the administration guidelines from the Shastras?
The satavahanas followed what from the Shastras?
What were appointed as viceroys of the provinces?
What appears to have been the largest geographical subdivision of the Satavahana polity?
What suggests that the Satavahanas attempted to build a formal administrative and revenue collection structure?
What state that the ascetics would enjoy tax exemption and non-interference from the royal officials?
What states that the grant was approved by gautamiputra's minister Sivagupta on the king's verbal orders, and preserved by the "great lords"?
What records a grant by Gautamiputra and his mother, and mentions Syamaka as the minister of the Govardhana ahara?
The second inscription records what by Gautamiputra and his mother, and mentions Syamaka as the minister of the Govardhana ahara?
What mention three types of settlements: nagara(city), nigama and gama(village)?
The satavahana-era inscriptions mention what of settlements: nagara(city), nigama and gama(village)?
What participated in economic expansion through intensification of agriculture, increased production of other commodities, and trade within and beyond the Indian subcontinent?
What of land under agricultural use also expanded significantly, as a result of forest clearance and construction of irrigation reservoirs?
What of sites with mineral resources may have increased during satavahana period, leading to the emergence of new settlements in these areas?
What facilitated commerce and crafts?
Such sites facilitated what and crafts?
Where controlled the Indian sea coast, and as a result, they dominated the growing Indian trade with the Roman Empire?
What of the Erythraean Sea mentions two important Satavahana trade centres: Pratishthana and Tagara?
The periplus of the Erythraean Sea mentions what: Pratishthana and Tagara?
What included Kondapur, Banavasi and Madhavpur?
Other important urban centres included where, Banavasi and Madhavpur?
What in the Satavahana period generally did not exclusively support a particular religious group?
The lay people in the Satavahana period generally did not exclusively support what?
Who performed several Vedic sacrifices, including ashvamedha, rajasuya, and agnyadheya(fire ceremony)?
What also records subsantial fees paid to brahmin priests and attendees for these sacrifices?
The inscription also records what paid to brahmin priests and attendees for these sacrifices?
What of buddhist monastic sites emerged in the Deccan region during the Satavahana period?
What issued during the reign of Kanha states that the cave was excavated by maha-matra of the shramanas(non-Vedic ascetics)?
What probably donated to the monasteries, because these sites facilitated trade by serving as rest houses, and possibly by directly participating in the trade?
What appear to have been an important venue for displaying charitable donations, including the donations made to non-Buddhists?
Who records nayanika's lineage and mentions the Vedic sacrifices performed by the royal family?
What at naneghat comprises names of satavahana royals, appearing as labels over their bas-relief portraits?
Another inscription at naneghat comprises what of satavahana royals, appearing as labels over their bas-relief portraits?
What are now completely eroded, but the inscription is believed to be contemporary to nayanika's inscription on paleographic basis?
What do not feature uniform design or size, and suggest that multiple minting locations existed within the Satavahana territory, leading to regional differences in coinage?
These coins do not feature what or size, and suggest that multiple minting locations existed within the Satavahana territory, leading to regional differences in coinage?
What of 16 to 20 rulers appear on the various coins?
What of these rulers appear to be local elites rather than the Satavahana monarchs?
What give unique indications as to their chronology, language, and even facial features?
The satavahana coins give what as to their chronology, language, and even facial features?
What also display various traditional symbols, such as elephants, lions, horses and chaityas(stupas), as well as the "Ujjain symbol",a crosswithfour circlesatthe end?
The satavahana coins also display what, such as elephants, lions, horses and chaityas(stupas), as well as the "Ujjain symbol",a crosswithfour circlesatthe end?
What patronised prakrit language instead of Sanskrit?
The satavahanas patronised what instead of Sanskrit?
Also what of superstitions had prevailed?
Who writes that"the Satavahana sculpturesunfortunatelyhasneverbeenrecognizedasan independent schoolinspiteofthe factithasits own distinctive characteristic features?
Who is profusely decorated with carvings, and even pillars have a lotus capital crowned with sphinx-like mythic animals?
Who also writes that in Chankama"the paneloccurringonthe west pillarofNorthern Gatewayportraysa very important eventinbuddha's life?
Who is said that Buddha, after attaining Enlightment, spent four weeks near the Bodhi tree?
What are found that could be attributed to the Satavahanas?
What of unique bronze objects were also found from Bramhapuri?
What of Amravati represents the architecture development of the Satavahana periods?
Sculptures of Amravati represents what of the Satavahana periods?
What were enlarged the earlier bricks and wood works were replaced with stone works?
What of nature and some vandalism have taken a heavy toll with Ajanta Caves?
Vagaries of nature and some vandalism have taken what with Ajanta Caves?
Also what is related with?
What built great stupas in the Krishna River Valley, including the stupa at Amaravati in Andhra Pradesh?
What were decorated in marble slabs and sculpted with scenes from the life of the Buddha, portrayed in a characteristic slim and elegant style?
What of sculpture also influenced the sculpture of Southeast Asia?
The amaravati style of sculpture also influenced what of Southeast Asia?
Who contain chronology of satavahana kings?
Multiple puranas contain what of satavahana kings?
What of the Satavahana kings by historians fall into two categories?
According to the first one, what ruled for around 450 years, starting from simuka's rule immediately after the fall of the Mauryan empire?
What relies heavily on the Puranas, and is now largely discredited?
What in this category contain a smaller number of kings, and combine puranic records with archaeological, numismatic and textual evidence?
The chronologies in this category contain what of kings, and combine puranic records with archaeological, numismatic and textual evidence?
What give different lists of the Satavahana rulers?
The various puranas give what of the Satavahana rulers?
What of thse kings are not attested by historical evidence?
What have explained these anamolies in different ways?
Different scholars have explained what in different ways?
What vary across different manuscripts of the same Puranas, and some names are missing in some of the manuscripts?
What given below for each Purana contains the most exhaustive version?
The list given below for each Purana contains what?
What are described as sons of their predecessors?
What in kanaganahalli village of Karnataka, dated between first century BCE and first century CE, features limestone panels depicting portraits of Chimuka, Satakani(Satakarni) and other Satavahana rulers?
A stupa in kanaganahalli village of Karnataka, dated between first century BCE and first century CE, features what depicting portraits of Chimuka, Satakani(Satakarni) and other Satavahana rulers?
A stupa in kanaganahalli village of Karnataka, dated between first century BCE and first century CE, features limestone panels what of Chimuka, Satakani(Satakarni) and other Satavahana rulers?
Based on these evidences, what argue that the Satavahanas initially came to power in the area around their capital Pratishthana(modern Paithan, Maharashtra) and then expanded their territory to eastern Deccan?
What of these debates have happened in the context of regionalism, with the present-day Andhra Pradesh, Maharashtra, Karnataka and Telangana being variously claimed as the original homeland of the Satavahanas?
What and numismastist P. V. P. Sastry initially identified Chimuka with the dynasty's founder Simuka, because of which Kotilingala came to be known as the only place where coins attributed to Simuka were found?
Epigraphist and numismastist P. V. P. Sastry initially identified who with the dynasty's founder Simuka, because of which Kotilingala came to be known as the only place where coins attributed to Simuka were found?
What of the inscription suggests that his kingdom extended from the present-day Rajasthan in the north to krishna river in the south, and from Saurashtra in the west to Kalinga in the east?
A variation of the theory is that Simuka was the person who restored the Satavahana rule by overthrewing the Kanvas; what of the Puranas confused him with the founder of the dynasty?
A variation of the theory is that Simuka was the person who restored the Satavahana rule by overthrewing the Kanvas; the compiler of the Puranas confused who with the founder of the dynasty?
As for the Puranas, were these texts compiled much later, during the Gupta period, and it is not certain if the Satavahanas were referred to as Andhras during their time?
Have only few fragments related to Satavahanas survived in cave No.9 and 10 both of which are chaitya-grihas with stupas?
The vayu purana also mentions that there were 30 Andhra kings, but its various manuscripts name only 17, 18, and 19 kings respectively; what add up to 272.5, 300, and 411 years respectively?
Based on this statement, what of this theory argue that the Satavahana rule began immediately after the Maurya rule, followed by a Kanva interregnum, and then, a revival of the Satavahana rule?
According to Vidya Dehejia, what of the Puranas mistook the Satavahana presence in eastern Deccan as evidence for their origin in that region, and wrongly labeled them as"Andhra"?
According to Vidya Dehejia, the writers of the Puranas mistook what in eastern Deccan as evidence for their origin in that region, and wrongly labeled them as"Andhra"?
Instead of the Buddhists, he patronised who and donated a substantial amount of wealth to them?
So, he sent what, elephants, chariots and men to Kharavela as a tribute?
According to S. N. Sen he ruled during 120–149 CE; according to Charles Higham, his regnal years spanned what?
The inscriptions of Gautamiputra Satakarni suggest what of a bureaucratic structure, although it is not certain how stable and effective this structure was?
However, who notes that although there are some records of donations to the Buddhist monasteries by the Satavahana royals, the vast majority of the donations were made by the non-royals?
In the Puranas, what is described as brother of the first king, who overthrew the Kanva king Susharman?
What carry titles or matronyms that were common to multiple rulers(e.g. Satavahana, Satakarni, and Pulumavi), so the number of rulers attested by coinage can not be determined with certainty?
Several coins carry what or matronyms that were common to multiple rulers(e.g. Satavahana, Satakarni, and Pulumavi), so the number of rulers attested by coinage can not be determined with certainty?
They formed what and played a vital role in trade and the transfer of ideas and culture to and from the Indo-Gangetic Plain to the southern tip of India?
They supported who as well as buddhism, and patronised prakrit literature?
Who was succeeded by his brother Kanha, who extended the kingdom up to Nashik in the west?
His successor satakarni I conquered what, Anupa and Vidarbha, taking advantage of the turmoil caused by greek invasions of northern India?
He performed what including Ashvamedha and Rajasuya?
Instead of the Buddhists, who patronised Brahmins and donated a substantial amount of wealth to them?
What of the Kalinga king Kharavela mentions a king named"Satakani"or"Satakamini", who some identify with Satakarni I?
The hathigumpha inscription of the Kalinga king Kharavela mentions what named"Satakani"or"Satakamini", who some identify with Satakarni I?
What Satakarni II ruled for 56 years, during which he captured eastern Malwa from the Shungas?
What on the Southern Gateway records that it was the work of satakarni II's royal architect Ananda?
What was revived by Gautamiputra Satakarni, who is considered the greatest of the Satavahana rulers?
What defeated by him appears to have been the Western Kshatrapa ruler Nahapana, as suggested by nahapana's coins overstuck with names and titles of Gautamiputra?
He assumed what Raja-Raja (King of Kings) and Maharaja (Great King), and was described as the Lord of Vindhya?
What indicates that he maintained gautamiputra's territory, and ruled a prosperous kingdom?
Who entered into a marriage alliance with the Western Satraps, marrying the daughter of Rudradaman I?
Who states that he defeated Satakarni, the lord of Dakshinapatha, twice?
Who recovered much of the territory lost the Western Kshatrapas, and issued silver coinage, imitating them?
He recovered what of the territory lost the Western Kshatrapas, and issued silver coinage, imitating them?
What of Gautamiputra Satakarni suggest the existence of a bureaucratic structure, although it is not certain how stable and effective this structure was?
Who states that the charter was approved by a woman named Lota, who according to archaeologist James Burgess' interpretation, was the chief lady- in- waiting of gautamiputra's mother?
The satavahanas controlled what, and as a result, they dominated the growing Indian trade with the Roman Empire?
I performed what, including ashvamedha, rajasuya, and agnyadheya(fire ceremony)?
It records what and mentions the Vedic sacrifices performed by the royal family?
Who states that the element was donated by Ananda, who was the son of siri Satakarni's foreman of artisans?
They issued mainly lead and copper coins; what were usually struck over coins of the Western Kshatrapa kings?
They built what in the Krishna River Valley, including the stupa at Amaravati in Andhra Pradesh?
What who do assign absolute dates vary greatly with each other?
D. c. sircar dated what to c. 30 BCE, a theory supported by many other scholars?
S. nagaraju dates who 106–130 CE?
What appears on a sculpted gateway element of the Stupa 1 at Sanchi?
What related to Satavahanas have survived in cave No.9 and 10 both of which are chaitya-grihas with stupas?
Where states that 30 Andhra kings ruled for 460 years, but some of its manuscripts name only 19 kings whose reigns add up to 448.5 years?
Moreover, what of Chimuka of Kotilingala with the dynasty's founder Simuka has been contested by several scholars including P. L. Gupta and I. K. Sarma, who identified Chimuka as a later ruler?
Who theorized that the Satavahanas were called Andhras because they were natives of eastern Deccan, although they first established their empire in western Deccan after having served as mauryan subordinates?
At Naneghat, what issued by Nayanika, the widow of Satakarni I, has been found?
As for the Puranas, what were compiled much later, during the Gupta period, and it is not certain if the Satavahanas were referred to as Andhras during their time?
Who dates it 106–130 CE?
Who depicts votaries, two each on either side of what looks like a ladder which actually is the promenade which Buddha is supposed to have walked?
It depicts what, two each on either side of what looks like a ladder which actually is the promenade which Buddha is supposed to have walked?
